// Jest Snapshot v1, https://goo.gl/fbAQLP

exports[`App component renders App component 1`] = `
<Fragment>
  <ErrorBoundary>
    <YesError />
  </ErrorBoundary>
  <ErrorBoundary>
    <NoError />
  </ErrorBoundary>
</Fragment>
`;
