// Jest Snapshot v1, https://goo.gl/fbAQLP

exports[`Color component renders a Color 1`] = `
<dl>
  <dt>
    Name
  </dt>
  <dd>
    red
     
    <div
      style={
        Object {
          "backgroundColor": "#ff0000",
          "display": "inline-block",
          "height": "0.8em",
          "width": "0.8em",
        }
      }
    />
  </dd>
  <dt>
    Hex
  </dt>
  <dd>
    #ff0000
  </dd>
  <dt>
    RGB
  </dt>
  <dd>
    <p>
      Red - 
      255
    </p>
    <p>
      Green - 
      0
    </p>
    <p>
      Blue - 
      0
    </p>
  </dd>
</dl>
`;
