// Jest Snapshot v1, https://goo.gl/fbAQLP

exports[`ErrorBoundary component renders ErrorBoundary component 1`] = `<YesError />`;
