// Jest Snapshot v1, https://goo.gl/fbAQLP

exports[`Footer component renders a Footer 1`] = `
<footer>
  <h2>
    Lauren
  </h2>
</footer>
`;
