// Jest Snapshot v1, https://goo.gl/fbAQLP

exports[`Header component renders a Header 1`] = `
<header>
  <h1>
    Lauren
  </h1>
</header>
`;
