// Jest Snapshot v1, https://goo.gl/fbAQLP

exports[`NoError component renders NoError component 1`] = `
<h1>
  All good here
</h1>
`;
