// Jest Snapshot v1, https://goo.gl/fbAQLP

exports[`Photos component renders a Photos 1`] = `
<ul>
  <li
    key="img-string0"
  >
    <Photo
      photo="img-string0"
    />
  </li>
  <li
    key="img-string1"
  >
    <Photo
      photo="img-string1"
    />
  </li>
  <li
    key="img-string2"
  >
    <Photo
      photo="img-string2"
    />
  </li>
</ul>
`;
