// Jest Snapshot v1, https://goo.gl/fbAQLP

exports[`Sidebar component renders a Sidebar 1`] = `
<nav>
  <p>
    Testing
  </p>
</nav>
`;
